Archive member included because of file (symbol)

c:/program files/atmel/atmel studio 6.0/extensions/atmel/avrgcc/3.4.0.65/avrtoolchain/bin/../lib/gcc/avr/4.6.2/../../../../avr/lib/avr6\libm.a(addsf3.o)
                              Final.o (__subsf3)
c:/program files/atmel/atmel studio 6.0/extensions/atmel/avrgcc/3.4.0.65/avrtoolchain/bin/../lib/gcc/avr/4.6.2/../../../../avr/lib/avr6\libm.a(addsf3x.o)
                              c:/program files/atmel/atmel studio 6.0/extensions/atmel/avrgcc/3.4.0.65/avrtoolchain/bin/../lib/gcc/avr/4.6.2/../../../../avr/lib/avr6\libm.a(addsf3.o) (__addsf3x)
c:/program files/atmel/atmel studio 6.0/extensions/atmel/avrgcc/3.4.0.65/avrtoolchain/bin/../lib/gcc/avr/4.6.2/../../../../avr/lib/avr6\libm.a(cmpsf2.o)
                              Final.o (__eqsf2)
c:/program files/atmel/atmel studio 6.0/extensions/atmel/avrgcc/3.4.0.65/avrtoolchain/bin/../lib/gcc/avr/4.6.2/../../../../avr/lib/avr6\libm.a(divsf3.o)
                              Final.o (__divsf3)
c:/program files/atmel/atmel studio 6.0/extensions/atmel/avrgcc/3.4.0.65/avrtoolchain/bin/../lib/gcc/avr/4.6.2/../../../../avr/lib/avr6\libm.a(divsf3x.o)
                              c:/program files/atmel/atmel studio 6.0/extensions/atmel/avrgcc/3.4.0.65/avrtoolchain/bin/../lib/gcc/avr/4.6.2/../../../../avr/lib/avr6\libm.a(divsf3.o) (__divsf3x)
c:/program files/atmel/atmel studio 6.0/extensions/atmel/avrgcc/3.4.0.65/avrtoolchain/bin/../lib/gcc/avr/4.6.2/../../../../avr/lib/avr6\libm.a(fixsfsi.o)
                              Final.o (__fixsfsi)
c:/program files/atmel/atmel studio 6.0/extensions/atmel/avrgcc/3.4.0.65/avrtoolchain/bin/../lib/gcc/avr/4.6.2/../../../../avr/lib/avr6\libm.a(fixunssfsi.o)
                              Final.o (__fixunssfsi)
c:/program files/atmel/atmel studio 6.0/extensions/atmel/avrgcc/3.4.0.65/avrtoolchain/bin/../lib/gcc/avr/4.6.2/../../../../avr/lib/avr6\libm.a(floatsisf.o)
                              Final.o (__floatunsisf)
c:/program files/atmel/atmel studio 6.0/extensions/atmel/avrgcc/3.4.0.65/avrtoolchain/bin/../lib/gcc/avr/4.6.2/../../../../avr/lib/avr6\libm.a(fp_cmp.o)
                              c:/program files/atmel/atmel studio 6.0/extensions/atmel/avrgcc/3.4.0.65/avrtoolchain/bin/../lib/gcc/avr/4.6.2/../../../../avr/lib/avr6\libm.a(cmpsf2.o) (__fp_cmp)
c:/program files/atmel/atmel studio 6.0/extensions/atmel/avrgcc/3.4.0.65/avrtoolchain/bin/../lib/gcc/avr/4.6.2/../../../../avr/lib/avr6\libm.a(fp_inf.o)
                              c:/program files/atmel/atmel studio 6.0/extensions/atmel/avrgcc/3.4.0.65/avrtoolchain/bin/../lib/gcc/avr/4.6.2/../../../../avr/lib/avr6\libm.a(addsf3x.o) (__fp_inf)
c:/program files/atmel/atmel studio 6.0/extensions/atmel/avrgcc/3.4.0.65/avrtoolchain/bin/../lib/gcc/avr/4.6.2/../../../../avr/lib/avr6\libm.a(fp_nan.o)
                              c:/program files/atmel/atmel studio 6.0/extensions/atmel/avrgcc/3.4.0.65/avrtoolchain/bin/../lib/gcc/avr/4.6.2/../../../../avr/lib/avr6\libm.a(addsf3x.o) (__fp_nan)
c:/program files/atmel/atmel studio 6.0/extensions/atmel/avrgcc/3.4.0.65/avrtoolchain/bin/../lib/gcc/avr/4.6.2/../../../../avr/lib/avr6\libm.a(fp_pscA.o)
                              c:/program files/atmel/atmel studio 6.0/extensions/atmel/avrgcc/3.4.0.65/avrtoolchain/bin/../lib/gcc/avr/4.6.2/../../../../avr/lib/avr6\libm.a(addsf3x.o) (__fp_pscA)
c:/program files/atmel/atmel studio 6.0/extensions/atmel/avrgcc/3.4.0.65/avrtoolchain/bin/../lib/gcc/avr/4.6.2/../../../../avr/lib/avr6\libm.a(fp_pscB.o)
                              c:/program files/atmel/atmel studio 6.0/extensions/atmel/avrgcc/3.4.0.65/avrtoolchain/bin/../lib/gcc/avr/4.6.2/../../../../avr/lib/avr6\libm.a(addsf3x.o) (__fp_pscB)
c:/program files/atmel/atmel studio 6.0/extensions/atmel/avrgcc/3.4.0.65/avrtoolchain/bin/../lib/gcc/avr/4.6.2/../../../../avr/lib/avr6\libm.a(fp_round.o)
                              c:/program files/atmel/atmel studio 6.0/extensions/atmel/avrgcc/3.4.0.65/avrtoolchain/bin/../lib/gcc/avr/4.6.2/../../../../avr/lib/avr6\libm.a(addsf3.o) (__fp_round)
c:/program files/atmel/atmel studio 6.0/extensions/atmel/avrgcc/3.4.0.65/avrtoolchain/bin/../lib/gcc/avr/4.6.2/../../../../avr/lib/avr6\libm.a(fp_split3.o)
                              c:/program files/atmel/atmel studio 6.0/extensions/atmel/avrgcc/3.4.0.65/avrtoolchain/bin/../lib/gcc/avr/4.6.2/../../../../avr/lib/avr6\libm.a(addsf3x.o) (__fp_split3)
c:/program files/atmel/atmel studio 6.0/extensions/atmel/avrgcc/3.4.0.65/avrtoolchain/bin/../lib/gcc/avr/4.6.2/../../../../avr/lib/avr6\libm.a(fp_zero.o)
                              c:/program files/atmel/atmel studio 6.0/extensions/atmel/avrgcc/3.4.0.65/avrtoolchain/bin/../lib/gcc/avr/4.6.2/../../../../avr/lib/avr6\libm.a(addsf3x.o) (__fp_zero)
c:/program files/atmel/atmel studio 6.0/extensions/atmel/avrgcc/3.4.0.65/avrtoolchain/bin/../lib/gcc/avr/4.6.2/../../../../avr/lib/avr6\libm.a(mulsf3.o)
                              Final.o (__mulsf3)
c:/program files/atmel/atmel studio 6.0/extensions/atmel/avrgcc/3.4.0.65/avrtoolchain/bin/../lib/gcc/avr/4.6.2/../../../../avr/lib/avr6\libm.a(mulsf3x.o)
                              c:/program files/atmel/atmel studio 6.0/extensions/atmel/avrgcc/3.4.0.65/avrtoolchain/bin/../lib/gcc/avr/4.6.2/../../../../avr/lib/avr6\libm.a(mulsf3.o) (__mulsf3x)
c:/program files/atmel/atmel studio 6.0/extensions/atmel/avrgcc/3.4.0.65/avrtoolchain/bin/../lib/gcc/avr/4.6.2/avr6\libgcc.a(_udivmodhi4.o)
                              Final.o (__udivmodhi4)
c:/program files/atmel/atmel studio 6.0/extensions/atmel/avrgcc/3.4.0.65/avrtoolchain/bin/../lib/gcc/avr/4.6.2/avr6\libgcc.a(_exit.o)
                              c:/program files/atmel/atmel studio 6.0/extensions/atmel/avrgcc/3.4.0.65/avrtoolchain/bin/../lib/gcc/avr/4.6.2/../../../../avr/lib/avr6/crtm2560.o (exit)
c:/program files/atmel/atmel studio 6.0/extensions/atmel/avrgcc/3.4.0.65/avrtoolchain/bin/../lib/gcc/avr/4.6.2/avr6\libgcc.a(_copy_data.o)
                              Final.o (__do_copy_data)
c:/program files/atmel/atmel studio 6.0/extensions/atmel/avrgcc/3.4.0.65/avrtoolchain/bin/../lib/gcc/avr/4.6.2/avr6\libgcc.a(_clear_bss.o)
                              Final.o (__do_clear_bss)

Allocating common symbols
Common symbol       size              file

blue                0x4               Final.o
Degrees             0x2               Final.o
million             0x2               Final.o
temp                0x2               Final.o
green               0x4               Final.o
BLUE                0x4               Final.o
red                 0x4               Final.o
GREEN               0x4               Final.o
tens                0x2               Final.o
left_motor_speed    0x2               Final.o
right_motor_speed   0x2               Final.o
hundred             0x2               Final.o
unit                0x2               Final.o
thousand            0x2               Final.o
RED                 0x4               Final.o

Memory Configuration

Name             Origin             Length             Attributes
text             0x00000000         0x00100000         xr
data             0x00800200         0x0000fe00         rw !x
eeprom           0x00810000         0x00010000         rw !x
fuse             0x00820000         0x00000400         rw !x
lock             0x00830000         0x00000400         rw !x
signature        0x00840000         0x00000400         rw !x
*default*        0x00000000         0xffffffff

Linker script and memory map

Address of section .data set to 0x800200
LOAD c:/program files/atmel/atmel studio 6.0/extensions/atmel/avrgcc/3.4.0.65/avrtoolchain/bin/../lib/gcc/avr/4.6.2/../../../../avr/lib/avr6/crtm2560.o
LOAD Final.o
START GROUP
LOAD c:/program files/atmel/atmel studio 6.0/extensions/atmel/avrgcc/3.4.0.65/avrtoolchain/bin/../lib/gcc/avr/4.6.2/../../../../avr/lib/avr6\libm.a
END GROUP
LOAD c:/program files/atmel/atmel studio 6.0/extensions/atmel/avrgcc/3.4.0.65/avrtoolchain/bin/../lib/gcc/avr/4.6.2/avr6\libgcc.a
LOAD c:/program files/atmel/atmel studio 6.0/extensions/atmel/avrgcc/3.4.0.65/avrtoolchain/bin/../lib/gcc/avr/4.6.2/../../../../avr/lib/avr6\libc.a
LOAD c:/program files/atmel/atmel studio 6.0/extensions/atmel/avrgcc/3.4.0.65/avrtoolchain/bin/../lib/gcc/avr/4.6.2/avr6\libgcc.a

.hash
 *(.hash)

.dynsym
 *(.dynsym)

.dynstr
 *(.dynstr)

.gnu.version
 *(.gnu.version)

.gnu.version_d
 *(.gnu.version_d)

.gnu.version_r
 *(.gnu.version_r)

.rel.init
 *(.rel.init)

.rela.init
 *(.rela.init)

.rel.text
 *(.rel.text)
 *(.rel.text.*)
 *(.rel.gnu.linkonce.t*)

.rela.text
 *(.rela.text)
 *(.rela.text.*)
 *(.rela.gnu.linkonce.t*)

.rel.fini
 *(.rel.fini)

.rela.fini
 *(.rela.fini)

.rel.rodata
 *(.rel.rodata)
 *(.rel.rodata.*)
 *(.rel.gnu.linkonce.r*)

.rela.rodata
 *(.rela.rodata)
 *(.rela.rodata.*)
 *(.rela.gnu.linkonce.r*)

.rel.data
 *(.rel.data)
 *(.rel.data.*)
 *(.rel.gnu.linkonce.d*)

.rela.data
 *(.rela.data)
 *(.rela.data.*)
 *(.rela.gnu.linkonce.d*)

.rel.ctors
 *(.rel.ctors)

.rela.ctors
 *(.rela.ctors)

.rel.dtors
 *(.rel.dtors)

.rela.dtors
 *(.rela.dtors)

.rel.got
 *(.rel.got)

.rela.got
 *(.rela.got)

.rel.bss
 *(.rel.bss)

.rela.bss
 *(.rela.bss)

.rel.plt
 *(.rel.plt)

.rela.plt
 *(.rela.plt)

.text           0x00000000     0x2756
 *(.vectors)
 .vectors       0x00000000       0xe4 c:/program files/atmel/atmel studio 6.0/extensions/atmel/avrgcc/3.4.0.65/avrtoolchain/bin/../lib/gcc/avr/4.6.2/../../../../avr/lib/avr6/crtm2560.o
                0x00000000                __vector_default
                0x00000000                __vectors
 *(.vectors)
 *(.progmem.gcc*)
 *(.progmem*)
                0x000000e4                . = ALIGN (0x2)
                0x000000e4                __trampolines_start = .
 *(.trampolines)
 .trampolines   0x000000e4        0x0 linker stubs
 *(.trampolines*)
                0x000000e4                __trampolines_end = .
 *(.jumptables)
 *(.jumptables*)
 *(.lowtext)
 *(.lowtext*)
                0x000000e4                __ctors_start = .
 *(.ctors)
                0x000000e4                __ctors_end = .
                0x000000e4                __dtors_start = .
 *(.dtors)
                0x000000e4                __dtors_end = .
 SORT(*)(.ctors)
 SORT(*)(.dtors)
 *(.init0)
 .init0         0x000000e4        0x0 c:/program files/atmel/atmel studio 6.0/extensions/atmel/avrgcc/3.4.0.65/avrtoolchain/bin/../lib/gcc/avr/4.6.2/../../../../avr/lib/avr6/crtm2560.o
                0x000000e4                __init
 *(.init0)
 *(.init1)
 *(.init1)
 *(.init2)
 .init2         0x000000e4       0x10 c:/program files/atmel/atmel studio 6.0/extensions/atmel/avrgcc/3.4.0.65/avrtoolchain/bin/../lib/gcc/avr/4.6.2/../../../../avr/lib/avr6/crtm2560.o
 *(.init2)
 *(.init3)
 *(.init3)
 *(.init4)
 .init4         0x000000f4       0x1a c:/program files/atmel/atmel studio 6.0/extensions/atmel/avrgcc/3.4.0.65/avrtoolchain/bin/../lib/gcc/avr/4.6.2/avr6\libgcc.a(_copy_data.o)
                0x000000f4                __do_copy_data
 .init4         0x0000010e       0x10 c:/program files/atmel/atmel studio 6.0/extensions/atmel/avrgcc/3.4.0.65/avrtoolchain/bin/../lib/gcc/avr/4.6.2/avr6\libgcc.a(_clear_bss.o)
                0x0000010e                __do_clear_bss
 *(.init4)
 *(.init5)
 *(.init5)
 *(.init6)
 *(.init6)
 *(.init7)
 *(.init7)
 *(.init8)
 *(.init8)
 *(.init9)
 .init9         0x0000011e        0x8 c:/program files/atmel/atmel studio 6.0/extensions/atmel/avrgcc/3.4.0.65/avrtoolchain/bin/../lib/gcc/avr/4.6.2/../../../../avr/lib/avr6/crtm2560.o
 *(.init9)
 *(.text)
 .text          0x00000126        0x4 c:/program files/atmel/atmel studio 6.0/extensions/atmel/avrgcc/3.4.0.65/avrtoolchain/bin/../lib/gcc/avr/4.6.2/../../../../avr/lib/avr6/crtm2560.o
                0x00000126                __vector_38
                0x00000126                __vector_22
                0x00000126                __vector_28
                0x00000126                __vector_32
                0x00000126                __vector_34
                0x00000126                __vector_24
                0x00000126                __vector_12
                0x00000126                __vector_55
                0x00000126                __vector_46
                0x00000126                __bad_interrupt
                0x00000126                __vector_31
                0x00000126                __vector_35
                0x00000126                __vector_39
                0x00000126                __vector_3
                0x00000126                __vector_23
                0x00000126                __vector_30
                0x00000126                __vector_45
                0x00000126                __vector_25
                0x00000126                __vector_11
                0x00000126                __vector_54
                0x00000126                __vector_13
                0x00000126                __vector_17
                0x00000126                __vector_19
                0x00000126                __vector_56
                0x00000126                __vector_7
                0x00000126                __vector_49
                0x00000126                __vector_41
                0x00000126                __vector_43
                0x00000126                __vector_27
                0x00000126                __vector_33
                0x00000126                __vector_47
                0x00000126                __vector_52
                0x00000126                __vector_37
                0x00000126                __vector_4
                0x00000126                __vector_44
                0x00000126                __vector_51
                0x00000126                __vector_9
                0x00000126                __vector_2
                0x00000126                __vector_21
                0x00000126                __vector_15
                0x00000126                __vector_36
                0x00000126                __vector_29
                0x00000126                __vector_40
                0x00000126                __vector_8
                0x00000126                __vector_26
                0x00000126                __vector_48
                0x00000126                __vector_14
                0x00000126                __vector_53
                0x00000126                __vector_10
                0x00000126                __vector_50
                0x00000126                __vector_16
                0x00000126                __vector_18
                0x00000126                __vector_20
                0x00000126                __vector_42
 .text          0x0000012a     0x21d2 Final.o
                0x0000012a                left_position_encoder_interrupt_init
                0x0000013c                right_position_encoder_interrupt_init
                0x0000014e                buzzer_on
                0x00000154                buzzer_off
                0x00000158                lcd_port_config
                0x00000166                adc_pin_config
                0x00000174                adc_init
                0x0000018e                ADC_Conversion
                0x000001c4                color_sensor_pin_config
                0x000001ce                port_init_color
                0x000001d8                color_sensor_pin_interrupt_init
                0x000001ea                __vector_1
                0x00000234                init_devices_color
                0x00000242                filter_red
                0x00000248                filter_green
                0x0000024e                filter_blue
                0x00000254                color_sensor_scaling
                0x0000025a                red_read
                0x000002c2                green_read
                0x0000032a                blue_read
                0x00000392                detect_color
                0x00000508                print_color
                0x00000548                motion_pin_config
                0x0000056a                timer5_init
                0x000005a0                motion_set
                0x000005ac                forward
                0x000005b4                back
                0x000005bc                left
                0x000005c4                right
                0x000005cc                soft_left
                0x000005d4                stop
                0x000005dc                soft_right
                0x000005e4                soft_left_2
                0x000005ec                soft_right_2
                0x000005f4                velocity
                0x000005fe                print_sensor
                0x00000626                fw_control_motor_speed
                0x0000071c                black_line
                0x00000894                calculate_pid
                0x00000a26                fw_follow_black_line
                0x00000a6c                init_devices
                0x00000a7e                left_encoder_pin_config
                0x00000a84                right_encoder_pin_config
                0x00000a8a                port_init
                0x00000a98                __vector_6
                0x00000ae2                __vector_5
                0x00000b2c                linear_distance_mm
                0x00000b7e                forward_mm
                0x00000b94                backward_mm
                0x00000baa                angle_rotate
                0x00000c9a                flag_angle_rotate
                0x00000d36                left_degrees
                0x00000d9a                right_degrees
                0x00000dfe                rotate_at_flag
                0x00000e56                soft_left_degrees
                0x00000e74                soft_right_degrees
                0x00000e92                soft_left_2_degrees
                0x00000eb0                soft_right_2_degrees
                0x00000ece                lcd_set_4bit
                0x00000f54                lcd_wr_command
                0x00000f9e                lcd_cursor
                0x00000fde                lcd_init
                0x0000100c                lcd_wr_char
                0x00001056                lcd_string
                0x00001074                lcd_home
                0x0000107c                lcd_print
                0x00001196                buzzer_pin_config
                0x0000119c                servo1_pin_config
                0x000011a2                servo2_pin_config
                0x000011bc                timer1_init
                0x00001202                servo_1
                0x00001234                servo_2
                0x00001266                place_block
                0x000012d8                place_to_sort
                0x00001342                pick_block
                0x0000141e                pick_at_sort
                0x00001504                drop_weight
                0x0000156c                node0_0
                0x00001792                node_m1_0
                0x00001856                node_m2_0
                0x00001950                node_0_1
                0x00001a94                node_m1_1
                0x00001c4a                node_1_1
                0x00001cc8                node_2_1
                0x00001cf6                balanceBridge
                0x00002068                detect_third_waste
                0x000020c2                main
 .text          0x000022fc        0x0 c:/program files/atmel/atmel studio 6.0/extensions/atmel/avrgcc/3.4.0.65/avrtoolchain/bin/../lib/gcc/avr/4.6.2/../../../../avr/lib/avr6\libm.a(addsf3.o)
 .text          0x000022fc        0x0 c:/program files/atmel/atmel studio 6.0/extensions/atmel/avrgcc/3.4.0.65/avrtoolchain/bin/../lib/gcc/avr/4.6.2/../../../../avr/lib/avr6\libm.a(addsf3x.o)
 .text          0x000022fc        0x0 c:/program files/atmel/atmel studio 6.0/extensions/atmel/avrgcc/3.4.0.65/avrtoolchain/bin/../lib/gcc/avr/4.6.2/../../../../avr/lib/avr6\libm.a(cmpsf2.o)
 .text          0x000022fc        0x0 c:/program files/atmel/atmel studio 6.0/extensions/atmel/avrgcc/3.4.0.65/avrtoolchain/bin/../lib/gcc/avr/4.6.2/../../../../avr/lib/avr6\libm.a(divsf3.o)
 .text          0x000022fc        0x0 c:/program files/atmel/atmel studio 6.0/extensions/atmel/avrgcc/3.4.0.65/avrtoolchain/bin/../lib/gcc/avr/4.6.2/../../../../avr/lib/avr6\libm.a(divsf3x.o)
 .text          0x000022fc        0x0 c:/program files/atmel/atmel studio 6.0/extensions/atmel/avrgcc/3.4.0.65/avrtoolchain/bin/../lib/gcc/avr/4.6.2/../../../../avr/lib/avr6\libm.a(fixsfsi.o)
 .text          0x000022fc        0x0 c:/program files/atmel/atmel studio 6.0/extensions/atmel/avrgcc/3.4.0.65/avrtoolchain/bin/../lib/gcc/avr/4.6.2/../../../../avr/lib/avr6\libm.a(fixunssfsi.o)
 .text          0x000022fc        0x0 c:/program files/atmel/atmel studio 6.0/extensions/atmel/avrgcc/3.4.0.65/avrtoolchain/bin/../lib/gcc/avr/4.6.2/../../../../avr/lib/avr6\libm.a(floatsisf.o)
 .text          0x000022fc        0x0 c:/program files/atmel/atmel studio 6.0/extensions/atmel/avrgcc/3.4.0.65/avrtoolchain/bin/../lib/gcc/avr/4.6.2/../../../../avr/lib/avr6\libm.a(fp_cmp.o)
 .text          0x000022fc        0x0 c:/program files/atmel/atmel studio 6.0/extensions/atmel/avrgcc/3.4.0.65/avrtoolchain/bin/../lib/gcc/avr/4.6.2/../../../../avr/lib/avr6\libm.a(fp_inf.o)
 .text          0x000022fc        0x0 c:/program files/atmel/atmel studio 6.0/extensions/atmel/avrgcc/3.4.0.65/avrtoolchain/bin/../lib/gcc/avr/4.6.2/../../../../avr/lib/avr6\libm.a(fp_nan.o)
 .text          0x000022fc        0x0 c:/program files/atmel/atmel studio 6.0/extensions/atmel/avrgcc/3.4.0.65/avrtoolchain/bin/../lib/gcc/avr/4.6.2/../../../../avr/lib/avr6\libm.a(fp_pscA.o)
 .text          0x000022fc        0x0 c:/program files/atmel/atmel studio 6.0/extensions/atmel/avrgcc/3.4.0.65/avrtoolchain/bin/../lib/gcc/avr/4.6.2/../../../../avr/lib/avr6\libm.a(fp_pscB.o)
 .text          0x000022fc        0x0 c:/program files/atmel/atmel studio 6.0/extensions/atmel/avrgcc/3.4.0.65/avrtoolchain/bin/../lib/gcc/avr/4.6.2/../../../../avr/lib/avr6\libm.a(fp_round.o)
 .text          0x000022fc        0x0 c:/program files/atmel/atmel studio 6.0/extensions/atmel/avrgcc/3.4.0.65/avrtoolchain/bin/../lib/gcc/avr/4.6.2/../../../../avr/lib/avr6\libm.a(fp_split3.o)
 .text          0x000022fc        0x0 c:/program files/atmel/atmel studio 6.0/extensions/atmel/avrgcc/3.4.0.65/avrtoolchain/bin/../lib/gcc/avr/4.6.2/../../../../avr/lib/avr6\libm.a(fp_zero.o)
 .text          0x000022fc        0x0 c:/program files/atmel/atmel studio 6.0/extensions/atmel/avrgcc/3.4.0.65/avrtoolchain/bin/../lib/gcc/avr/4.6.2/../../../../avr/lib/avr6\libm.a(mulsf3.o)
 .text          0x000022fc        0x0 c:/program files/atmel/atmel studio 6.0/extensions/atmel/avrgcc/3.4.0.65/avrtoolchain/bin/../lib/gcc/avr/4.6.2/../../../../avr/lib/avr6\libm.a(mulsf3x.o)
 .text          0x000022fc        0x0 c:/program files/atmel/atmel studio 6.0/extensions/atmel/avrgcc/3.4.0.65/avrtoolchain/bin/../lib/gcc/avr/4.6.2/avr6\libgcc.a(_udivmodhi4.o)
 .text          0x000022fc        0x0 c:/program files/atmel/atmel studio 6.0/extensions/atmel/avrgcc/3.4.0.65/avrtoolchain/bin/../lib/gcc/avr/4.6.2/avr6\libgcc.a(_exit.o)
 .text          0x000022fc        0x0 c:/program files/atmel/atmel studio 6.0/extensions/atmel/avrgcc/3.4.0.65/avrtoolchain/bin/../lib/gcc/avr/4.6.2/avr6\libgcc.a(_copy_data.o)
 .text          0x000022fc        0x0 c:/program files/atmel/atmel studio 6.0/extensions/atmel/avrgcc/3.4.0.65/avrtoolchain/bin/../lib/gcc/avr/4.6.2/avr6\libgcc.a(_clear_bss.o)
                0x000022fc                . = ALIGN (0x2)
 *(.text.*)
 .text.avr-libc.fplib
                0x000022fc        0xa c:/program files/atmel/atmel studio 6.0/extensions/atmel/avrgcc/3.4.0.65/avrtoolchain/bin/../lib/gcc/avr/4.6.2/../../../../avr/lib/avr6\libm.a(addsf3.o)
                0x000022fc                __subsf3
                0x000022fe                __addsf3
 .text.avr-libc.fplib
                0x00002306       0xc0 c:/program files/atmel/atmel studio 6.0/extensions/atmel/avrgcc/3.4.0.65/avrtoolchain/bin/../lib/gcc/avr/4.6.2/../../../../avr/lib/avr6\libm.a(addsf3x.o)
                0x00002320                __addsf3x
 .text.avr-libc.fplib
                0x000023c6        0x8 c:/program files/atmel/atmel studio 6.0/extensions/atmel/avrgcc/3.4.0.65/avrtoolchain/bin/../lib/gcc/avr/4.6.2/../../../../avr/lib/avr6\libm.a(cmpsf2.o)
                0x000023c6                __nesf2
                0x000023c6                __eqsf2
                0x000023c6                __cmpsf2
                0x000023c6                __ltsf2
                0x000023c6                __lesf2
 .text.avr-libc.fplib
                0x000023ce        0x4 c:/program files/atmel/atmel studio 6.0/extensions/atmel/avrgcc/3.4.0.65/avrtoolchain/bin/../lib/gcc/avr/4.6.2/../../../../avr/lib/avr6\libm.a(divsf3.o)
                0x000023ce                __divsf3
 .text.avr-libc.fplib
                0x000023d2       0xcc c:/program files/atmel/atmel studio 6.0/extensions/atmel/avrgcc/3.4.0.65/avrtoolchain/bin/../lib/gcc/avr/4.6.2/../../../../avr/lib/avr6\libm.a(divsf3x.o)
                0x000023e8                __divsf3x
                0x000023ec                __divsf3_pse
 .text.avr-libc.fplib
                0x0000249e        0xa c:/program files/atmel/atmel studio 6.0/extensions/atmel/avrgcc/3.4.0.65/avrtoolchain/bin/../lib/gcc/avr/4.6.2/../../../../avr/lib/avr6\libm.a(fixsfsi.o)
                0x0000249e                __fixsfsi
 .text.avr-libc.fplib
                0x000024a8       0x58 c:/program files/atmel/atmel studio 6.0/extensions/atmel/avrgcc/3.4.0.65/avrtoolchain/bin/../lib/gcc/avr/4.6.2/../../../../avr/lib/avr6\libm.a(fixunssfsi.o)
                0x000024a8                __fixunssfsi
 .text.avr-libc.fplib
                0x00002500       0x7a c:/program files/atmel/atmel studio 6.0/extensions/atmel/avrgcc/3.4.0.65/avrtoolchain/bin/../lib/gcc/avr/4.6.2/../../../../avr/lib/avr6\libm.a(floatsisf.o)
                0x00002500                __floatunsisf
                0x00002504                __floatsisf
 .text.avr-libc.fplib
                0x0000257a       0x48 c:/program files/atmel/atmel studio 6.0/extensions/atmel/avrgcc/3.4.0.65/avrtoolchain/bin/../lib/gcc/avr/4.6.2/../../../../avr/lib/avr6\libm.a(fp_cmp.o)
                0x0000257a                __fp_cmp
 .text.avr-libc.fplib
                0x000025c2        0xc c:/program files/atmel/atmel studio 6.0/extensions/atmel/avrgcc/3.4.0.65/avrtoolchain/bin/../lib/gcc/avr/4.6.2/../../../../avr/lib/avr6\libm.a(fp_inf.o)
                0x000025c2                __fp_inf
 .text.avr-libc.fplib
                0x000025ce        0x6 c:/program files/atmel/atmel studio 6.0/extensions/atmel/avrgcc/3.4.0.65/avrtoolchain/bin/../lib/gcc/avr/4.6.2/../../../../avr/lib/avr6\libm.a(fp_nan.o)
                0x000025ce                __fp_nan
 .text.avr-libc.fplib
                0x000025d4        0xe c:/program files/atmel/atmel studio 6.0/extensions/atmel/avrgcc/3.4.0.65/avrtoolchain/bin/../lib/gcc/avr/4.6.2/../../../../avr/lib/avr6\libm.a(fp_pscA.o)
                0x000025d4                __fp_pscA
 .text.avr-libc.fplib
                0x000025e2        0xe c:/program files/atmel/atmel studio 6.0/extensions/atmel/avrgcc/3.4.0.65/avrtoolchain/bin/../lib/gcc/avr/4.6.2/../../../../avr/lib/avr6\libm.a(fp_pscB.o)
                0x000025e2                __fp_pscB
 .text.avr-libc.fplib
                0x000025f0       0x22 c:/program files/atmel/atmel studio 6.0/extensions/atmel/avrgcc/3.4.0.65/avrtoolchain/bin/../lib/gcc/avr/4.6.2/../../../../avr/lib/avr6\libm.a(fp_round.o)
                0x000025f0                __fp_round
 .text.avr-libc.fplib
                0x00002612       0x44 c:/program files/atmel/atmel studio 6.0/extensions/atmel/avrgcc/3.4.0.65/avrtoolchain/bin/../lib/gcc/avr/4.6.2/../../../../avr/lib/avr6\libm.a(fp_split3.o)
                0x00002612                __fp_split3
                0x00002622                __fp_splitA
 .text.avr-libc.fplib
                0x00002656        0xe c:/program files/atmel/atmel studio 6.0/extensions/atmel/avrgcc/3.4.0.65/avrtoolchain/bin/../lib/gcc/avr/4.6.2/../../../../avr/lib/avr6\libm.a(fp_zero.o)
                0x00002656                __fp_zero
                0x00002658                __fp_szero
 .text.avr-libc.fplib
                0x00002664        0x4 c:/program files/atmel/atmel studio 6.0/extensions/atmel/avrgcc/3.4.0.65/avrtoolchain/bin/../lib/gcc/avr/4.6.2/../../../../avr/lib/avr6\libm.a(mulsf3.o)
                0x00002664                __mulsf3
 .text.avr-libc.fplib
                0x00002668       0xc2 c:/program files/atmel/atmel studio 6.0/extensions/atmel/avrgcc/3.4.0.65/avrtoolchain/bin/../lib/gcc/avr/4.6.2/../../../../avr/lib/avr6\libm.a(mulsf3x.o)
                0x0000267c                __mulsf3x
                0x00002680                __mulsf3_pse
 .text.libgcc   0x0000272a       0x28 c:/program files/atmel/atmel studio 6.0/extensions/atmel/avrgcc/3.4.0.65/avrtoolchain/bin/../lib/gcc/avr/4.6.2/avr6\libgcc.a(_udivmodhi4.o)
                0x0000272a                __udivmodhi4
 .text.libgcc   0x00002752        0x0 c:/program files/atmel/atmel studio 6.0/extensions/atmel/avrgcc/3.4.0.65/avrtoolchain/bin/../lib/gcc/avr/4.6.2/avr6\libgcc.a(_exit.o)
 .text.libgcc   0x00002752        0x0 c:/program files/atmel/atmel studio 6.0/extensions/atmel/avrgcc/3.4.0.65/avrtoolchain/bin/../lib/gcc/avr/4.6.2/avr6\libgcc.a(_copy_data.o)
 .text.libgcc   0x00002752        0x0 c:/program files/atmel/atmel studio 6.0/extensions/atmel/avrgcc/3.4.0.65/avrtoolchain/bin/../lib/gcc/avr/4.6.2/avr6\libgcc.a(_clear_bss.o)
                0x00002752                . = ALIGN (0x2)
 *(.fini9)
 .fini9         0x00002752        0x0 c:/program files/atmel/atmel studio 6.0/extensions/atmel/avrgcc/3.4.0.65/avrtoolchain/bin/../lib/gcc/avr/4.6.2/avr6\libgcc.a(_exit.o)
                0x00002752                _exit
                0x00002752                exit
 *(.fini9)
 *(.fini8)
 *(.fini8)
 *(.fini7)
 *(.fini7)
 *(.fini6)
 *(.fini6)
 *(.fini5)
 *(.fini5)
 *(.fini4)
 *(.fini4)
 *(.fini3)
 *(.fini3)
 *(.fini2)
 *(.fini2)
 *(.fini1)
 *(.fini1)
 *(.fini0)
 .fini0         0x00002752        0x4 c:/program files/atmel/atmel studio 6.0/extensions/atmel/avrgcc/3.4.0.65/avrtoolchain/bin/../lib/gcc/avr/4.6.2/avr6\libgcc.a(_exit.o)
 *(.fini0)
                0x00002756                _etext = .

.data           0x00800200       0x1e load address 0x00002756
                0x00800200                PROVIDE (__data_start, .)
 *(.data)
 .data          0x00800200        0x0 c:/program files/atmel/atmel studio 6.0/extensions/atmel/avrgcc/3.4.0.65/avrtoolchain/bin/../lib/gcc/avr/4.6.2/../../../../avr/lib/avr6/crtm2560.o
 .data          0x00800200       0x1e Final.o
                0x0080020f                grip_switch
                0x00800210                initial_motor_speed
                0x00800212                Kd
                0x00800216                Ki
                0x0080021a                Kp
 .data          0x0080021e        0x0 c:/program files/atmel/atmel studio 6.0/extensions/atmel/avrgcc/3.4.0.65/avrtoolchain/bin/../lib/gcc/avr/4.6.2/../../../../avr/lib/avr6\libm.a(addsf3.o)
 .data          0x0080021e        0x0 c:/program files/atmel/atmel studio 6.0/extensions/atmel/avrgcc/3.4.0.65/avrtoolchain/bin/../lib/gcc/avr/4.6.2/../../../../avr/lib/avr6\libm.a(addsf3x.o)
 .data          0x0080021e        0x0 c:/program files/atmel/atmel studio 6.0/extensions/atmel/avrgcc/3.4.0.65/avrtoolchain/bin/../lib/gcc/avr/4.6.2/../../../../avr/lib/avr6\libm.a(cmpsf2.o)
 .data          0x0080021e        0x0 c:/program files/atmel/atmel studio 6.0/extensions/atmel/avrgcc/3.4.0.65/avrtoolchain/bin/../lib/gcc/avr/4.6.2/../../../../avr/lib/avr6\libm.a(divsf3.o)
 .data          0x0080021e        0x0 c:/program files/atmel/atmel studio 6.0/extensions/atmel/avrgcc/3.4.0.65/avrtoolchain/bin/../lib/gcc/avr/4.6.2/../../../../avr/lib/avr6\libm.a(divsf3x.o)
 .data          0x0080021e        0x0 c:/program files/atmel/atmel studio 6.0/extensions/atmel/avrgcc/3.4.0.65/avrtoolchain/bin/../lib/gcc/avr/4.6.2/../../../../avr/lib/avr6\libm.a(fixsfsi.o)
 .data          0x0080021e        0x0 c:/program files/atmel/atmel studio 6.0/extensions/atmel/avrgcc/3.4.0.65/avrtoolchain/bin/../lib/gcc/avr/4.6.2/../../../../avr/lib/avr6\libm.a(fixunssfsi.o)
 .data          0x0080021e        0x0 c:/program files/atmel/atmel studio 6.0/extensions/atmel/avrgcc/3.4.0.65/avrtoolchain/bin/../lib/gcc/avr/4.6.2/../../../../avr/lib/avr6\libm.a(floatsisf.o)
 .data          0x0080021e        0x0 c:/program files/atmel/atmel studio 6.0/extensions/atmel/avrgcc/3.4.0.65/avrtoolchain/bin/../lib/gcc/avr/4.6.2/../../../../avr/lib/avr6\libm.a(fp_cmp.o)
 .data          0x0080021e        0x0 c:/program files/atmel/atmel studio 6.0/extensions/atmel/avrgcc/3.4.0.65/avrtoolchain/bin/../lib/gcc/avr/4.6.2/../../../../avr/lib/avr6\libm.a(fp_inf.o)
 .data          0x0080021e        0x0 c:/program files/atmel/atmel studio 6.0/extensions/atmel/avrgcc/3.4.0.65/avrtoolchain/bin/../lib/gcc/avr/4.6.2/../../../../avr/lib/avr6\libm.a(fp_nan.o)
 .data          0x0080021e        0x0 c:/program files/atmel/atmel studio 6.0/extensions/atmel/avrgcc/3.4.0.65/avrtoolchain/bin/../lib/gcc/avr/4.6.2/../../../../avr/lib/avr6\libm.a(fp_pscA.o)
 .data          0x0080021e        0x0 c:/program files/atmel/atmel studio 6.0/extensions/atmel/avrgcc/3.4.0.65/avrtoolchain/bin/../lib/gcc/avr/4.6.2/../../../../avr/lib/avr6\libm.a(fp_pscB.o)
 .data          0x0080021e        0x0 c:/program files/atmel/atmel studio 6.0/extensions/atmel/avrgcc/3.4.0.65/avrtoolchain/bin/../lib/gcc/avr/4.6.2/../../../../avr/lib/avr6\libm.a(fp_round.o)
 .data          0x0080021e        0x0 c:/program files/atmel/atmel studio 6.0/extensions/atmel/avrgcc/3.4.0.65/avrtoolchain/bin/../lib/gcc/avr/4.6.2/../../../../avr/lib/avr6\libm.a(fp_split3.o)
 .data          0x0080021e        0x0 c:/program files/atmel/atmel studio 6.0/extensions/atmel/avrgcc/3.4.0.65/avrtoolchain/bin/../lib/gcc/avr/4.6.2/../../../../avr/lib/avr6\libm.a(fp_zero.o)
 .data          0x0080021e        0x0 c:/program files/atmel/atmel studio 6.0/extensions/atmel/avrgcc/3.4.0.65/avrtoolchain/bin/../lib/gcc/avr/4.6.2/../../../../avr/lib/avr6\libm.a(mulsf3.o)
 .data          0x0080021e        0x0 c:/program files/atmel/atmel studio 6.0/extensions/atmel/avrgcc/3.4.0.65/avrtoolchain/bin/../lib/gcc/avr/4.6.2/../../../../avr/lib/avr6\libm.a(mulsf3x.o)
 .data          0x0080021e        0x0 c:/program files/atmel/atmel studio 6.0/extensions/atmel/avrgcc/3.4.0.65/avrtoolchain/bin/../lib/gcc/avr/4.6.2/avr6\libgcc.a(_udivmodhi4.o)
 .data          0x0080021e        0x0 c:/program files/atmel/atmel studio 6.0/extensions/atmel/avrgcc/3.4.0.65/avrtoolchain/bin/../lib/gcc/avr/4.6.2/avr6\libgcc.a(_exit.o)
 .data          0x0080021e        0x0 c:/program files/atmel/atmel studio 6.0/extensions/atmel/avrgcc/3.4.0.65/avrtoolchain/bin/../lib/gcc/avr/4.6.2/avr6\libgcc.a(_copy_data.o)
 .data          0x0080021e        0x0 c:/program files/atmel/atmel studio 6.0/extensions/atmel/avrgcc/3.4.0.65/avrtoolchain/bin/../lib/gcc/avr/4.6.2/avr6\libgcc.a(_clear_bss.o)
 *(.data*)
 *(.rodata)
 *(.rodata*)
 *(.gnu.linkonce.d*)
                0x0080021e                . = ALIGN (0x2)
                0x0080021e                _edata = .
                0x0080021e                PROVIDE (__data_end, .)

.bss            0x0080021e       0x64
                0x0080021e                PROVIDE (__bss_start, .)
 *(.bss)
 .bss           0x0080021e        0x0 c:/program files/atmel/atmel studio 6.0/extensions/atmel/avrgcc/3.4.0.65/avrtoolchain/bin/../lib/gcc/avr/4.6.2/../../../../avr/lib/avr6/crtm2560.o
 .bss           0x0080021e       0x3a Final.o
                0x0080021e                c_flag
                0x00800220                b_flag
                0x00800222                a_flag
                0x00800224                index
                0x00800226                sortedFlag
                0x0080022c                i
                0x0080022d                ShaftCountRight
                0x00800231                ShaftCountLeft
                0x00800235                previous_I
                0x00800239                previous_error
                0x0080023d                PID_value
                0x00800241                D
                0x00800245                I
                0x00800249                P
                0x0080024d                error
                0x00800251                Right_white_line
                0x00800252                Center_white_line
                0x00800253                Left_white_line
                0x00800254                pulse
 .bss           0x00800258        0x0 c:/program files/atmel/atmel studio 6.0/extensions/atmel/avrgcc/3.4.0.65/avrtoolchain/bin/../lib/gcc/avr/4.6.2/../../../../avr/lib/avr6\libm.a(addsf3.o)
 .bss           0x00800258        0x0 c:/program files/atmel/atmel studio 6.0/extensions/atmel/avrgcc/3.4.0.65/avrtoolchain/bin/../lib/gcc/avr/4.6.2/../../../../avr/lib/avr6\libm.a(addsf3x.o)
 .bss           0x00800258        0x0 c:/program files/atmel/atmel studio 6.0/extensions/atmel/avrgcc/3.4.0.65/avrtoolchain/bin/../lib/gcc/avr/4.6.2/../../../../avr/lib/avr6\libm.a(cmpsf2.o)
 .bss           0x00800258        0x0 c:/program files/atmel/atmel studio 6.0/extensions/atmel/avrgcc/3.4.0.65/avrtoolchain/bin/../lib/gcc/avr/4.6.2/../../../../avr/lib/avr6\libm.a(divsf3.o)
 .bss           0x00800258        0x0 c:/program files/atmel/atmel studio 6.0/extensions/atmel/avrgcc/3.4.0.65/avrtoolchain/bin/../lib/gcc/avr/4.6.2/../../../../avr/lib/avr6\libm.a(divsf3x.o)
 .bss           0x00800258        0x0 c:/program files/atmel/atmel studio 6.0/extensions/atmel/avrgcc/3.4.0.65/avrtoolchain/bin/../lib/gcc/avr/4.6.2/../../../../avr/lib/avr6\libm.a(fixsfsi.o)
 .bss           0x00800258        0x0 c:/program files/atmel/atmel studio 6.0/extensions/atmel/avrgcc/3.4.0.65/avrtoolchain/bin/../lib/gcc/avr/4.6.2/../../../../avr/lib/avr6\libm.a(fixunssfsi.o)
 .bss           0x00800258        0x0 c:/program files/atmel/atmel studio 6.0/extensions/atmel/avrgcc/3.4.0.65/avrtoolchain/bin/../lib/gcc/avr/4.6.2/../../../../avr/lib/avr6\libm.a(floatsisf.o)
 .bss           0x00800258        0x0 c:/program files/atmel/atmel studio 6.0/extensions/atmel/avrgcc/3.4.0.65/avrtoolchain/bin/../lib/gcc/avr/4.6.2/../../../../avr/lib/avr6\libm.a(fp_cmp.o)
 .bss           0x00800258        0x0 c:/program files/atmel/atmel studio 6.0/extensions/atmel/avrgcc/3.4.0.65/avrtoolchain/bin/../lib/gcc/avr/4.6.2/../../../../avr/lib/avr6\libm.a(fp_inf.o)
 .bss           0x00800258        0x0 c:/program files/atmel/atmel studio 6.0/extensions/atmel/avrgcc/3.4.0.65/avrtoolchain/bin/../lib/gcc/avr/4.6.2/../../../../avr/lib/avr6\libm.a(fp_nan.o)
 .bss           0x00800258        0x0 c:/program files/atmel/atmel studio 6.0/extensions/atmel/avrgcc/3.4.0.65/avrtoolchain/bin/../lib/gcc/avr/4.6.2/../../../../avr/lib/avr6\libm.a(fp_pscA.o)
 .bss           0x00800258        0x0 c:/program files/atmel/atmel studio 6.0/extensions/atmel/avrgcc/3.4.0.65/avrtoolchain/bin/../lib/gcc/avr/4.6.2/../../../../avr/lib/avr6\libm.a(fp_pscB.o)
 .bss           0x00800258        0x0 c:/program files/atmel/atmel studio 6.0/extensions/atmel/avrgcc/3.4.0.65/avrtoolchain/bin/../lib/gcc/avr/4.6.2/../../../../avr/lib/avr6\libm.a(fp_round.o)
 .bss           0x00800258        0x0 c:/program files/atmel/atmel studio 6.0/extensions/atmel/avrgcc/3.4.0.65/avrtoolchain/bin/../lib/gcc/avr/4.6.2/../../../../avr/lib/avr6\libm.a(fp_split3.o)
 .bss           0x00800258        0x0 c:/program files/atmel/atmel studio 6.0/extensions/atmel/avrgcc/3.4.0.65/avrtoolchain/bin/../lib/gcc/avr/4.6.2/../../../../avr/lib/avr6\libm.a(fp_zero.o)
 .bss           0x00800258        0x0 c:/program files/atmel/atmel studio 6.0/extensions/atmel/avrgcc/3.4.0.65/avrtoolchain/bin/../lib/gcc/avr/4.6.2/../../../../avr/lib/avr6\libm.a(mulsf3.o)
 .bss           0x00800258        0x0 c:/program files/atmel/atmel studio 6.0/extensions/atmel/avrgcc/3.4.0.65/avrtoolchain/bin/../lib/gcc/avr/4.6.2/../../../../avr/lib/avr6\libm.a(mulsf3x.o)
 .bss           0x00800258        0x0 c:/program files/atmel/atmel studio 6.0/extensions/atmel/avrgcc/3.4.0.65/avrtoolchain/bin/../lib/gcc/avr/4.6.2/avr6\libgcc.a(_udivmodhi4.o)
 .bss           0x00800258        0x0 c:/program files/atmel/atmel studio 6.0/extensions/atmel/avrgcc/3.4.0.65/avrtoolchain/bin/../lib/gcc/avr/4.6.2/avr6\libgcc.a(_exit.o)
 .bss           0x00800258        0x0 c:/program files/atmel/atmel studio 6.0/extensions/atmel/avrgcc/3.4.0.65/avrtoolchain/bin/../lib/gcc/avr/4.6.2/avr6\libgcc.a(_copy_data.o)
 .bss           0x00800258        0x0 c:/program files/atmel/atmel studio 6.0/extensions/atmel/avrgcc/3.4.0.65/avrtoolchain/bin/../lib/gcc/avr/4.6.2/avr6\libgcc.a(_clear_bss.o)
 *(.bss*)
 *(COMMON)
 COMMON         0x00800258       0x2a Final.o
                0x00800258                blue
                0x0080025c                Degrees
                0x0080025e                million
                0x00800260                temp
                0x00800262                green
                0x00800266                BLUE
                0x0080026a                red
                0x0080026e                GREEN
                0x00800272                tens
                0x00800274                left_motor_speed
                0x00800276                right_motor_speed
                0x00800278                hundred
                0x0080027a                unit
                0x0080027c                thousand
                0x0080027e                RED
                0x00800282                PROVIDE (__bss_end, .)
                0x00002756                __data_load_start = LOADADDR (.data)
                0x00002774                __data_load_end = (__data_load_start + SIZEOF (.data))

.noinit         0x00800282        0x0
                0x00800282                PROVIDE (__noinit_start, .)
 *(.noinit*)
                0x00800282                PROVIDE (__noinit_end, .)
                0x00800282                _end = .
                0x00800282                PROVIDE (__heap_start, .)

.eeprom         0x00810000        0x0
 *(.eeprom*)
                0x00810000                __eeprom_end = .

.fuse
 *(.fuse)
 *(.lfuse)
 *(.hfuse)
 *(.efuse)

.lock
 *(.lock*)

.signature
 *(.signature*)

.stab           0x00000000     0x23f4
 *(.stab)
 .stab          0x00000000      0x6e4 c:/program files/atmel/atmel studio 6.0/extensions/atmel/avrgcc/3.4.0.65/avrtoolchain/bin/../lib/gcc/avr/4.6.2/../../../../avr/lib/avr6/crtm2560.o
 .stab          0x000006e4       0x78 c:/program files/atmel/atmel studio 6.0/extensions/atmel/avrgcc/3.4.0.65/avrtoolchain/bin/../lib/gcc/avr/4.6.2/../../../../avr/lib/avr6\libm.a(addsf3.o)
                                 0x84 (size before relaxing)
 .stab          0x0000075c      0x4bc c:/program files/atmel/atmel studio 6.0/extensions/atmel/avrgcc/3.4.0.65/avrtoolchain/bin/../lib/gcc/avr/4.6.2/../../../../avr/lib/avr6\libm.a(addsf3x.o)
                                0x4c8 (size before relaxing)
 .stab          0x00000c18       0x90 c:/program files/atmel/atmel studio 6.0/extensions/atmel/avrgcc/3.4.0.65/avrtoolchain/bin/../lib/gcc/avr/4.6.2/../../../../avr/lib/avr6\libm.a(cmpsf2.o)
                                 0x9c (size before relaxing)
 .stab          0x00000ca8       0x48 c:/program files/atmel/atmel studio 6.0/extensions/atmel/avrgcc/3.4.0.65/avrtoolchain/bin/../lib/gcc/avr/4.6.2/../../../../avr/lib/avr6\libm.a(divsf3.o)
                                 0x54 (size before relaxing)
 .stab          0x00000cf0      0x510 c:/program files/atmel/atmel studio 6.0/extensions/atmel/avrgcc/3.4.0.65/avrtoolchain/bin/../lib/gcc/avr/4.6.2/../../../../avr/lib/avr6\libm.a(divsf3x.o)
                                0x51c (size before relaxing)
 .stab          0x00001200       0x6c c:/program files/atmel/atmel studio 6.0/extensions/atmel/avrgcc/3.4.0.65/avrtoolchain/bin/../lib/gcc/avr/4.6.2/../../../../avr/lib/avr6\libm.a(fixsfsi.o)
                                 0x78 (size before relaxing)
 .stab          0x0000126c      0x240 c:/program files/atmel/atmel studio 6.0/extensions/atmel/avrgcc/3.4.0.65/avrtoolchain/bin/../lib/gcc/avr/4.6.2/../../../../avr/lib/avr6\libm.a(fixunssfsi.o)
                                0x24c (size before relaxing)
 .stab          0x000014ac      0x318 c:/program files/atmel/atmel studio 6.0/extensions/atmel/avrgcc/3.4.0.65/avrtoolchain/bin/../lib/gcc/avr/4.6.2/../../../../avr/lib/avr6\libm.a(floatsisf.o)
                                0x324 (size before relaxing)
 .stab          0x000017c4      0x1e0 c:/program files/atmel/atmel studio 6.0/extensions/atmel/avrgcc/3.4.0.65/avrtoolchain/bin/../lib/gcc/avr/4.6.2/../../../../avr/lib/avr6\libm.a(fp_cmp.o)
                                0x1ec (size before relaxing)
 .stab          0x000019a4       0x78 c:/program files/atmel/atmel studio 6.0/extensions/atmel/avrgcc/3.4.0.65/avrtoolchain/bin/../lib/gcc/avr/4.6.2/../../../../avr/lib/avr6\libm.a(fp_inf.o)
                                 0x84 (size before relaxing)
 .stab          0x00001a1c       0x54 c:/program files/atmel/atmel studio 6.0/extensions/atmel/avrgcc/3.4.0.65/avrtoolchain/bin/../lib/gcc/avr/4.6.2/../../../../avr/lib/avr6\libm.a(fp_nan.o)
                                 0x60 (size before relaxing)
 .stab          0x00001a70       0x84 c:/program files/atmel/atmel studio 6.0/extensions/atmel/avrgcc/3.4.0.65/avrtoolchain/bin/../lib/gcc/avr/4.6.2/../../../../avr/lib/avr6\libm.a(fp_pscA.o)
                                 0x90 (size before relaxing)
 .stab          0x00001af4       0x84 c:/program files/atmel/atmel studio 6.0/extensions/atmel/avrgcc/3.4.0.65/avrtoolchain/bin/../lib/gcc/avr/4.6.2/../../../../avr/lib/avr6\libm.a(fp_pscB.o)
                                 0x90 (size before relaxing)
 .stab          0x00001b78       0xfc c:/program files/atmel/atmel studio 6.0/extensions/atmel/avrgcc/3.4.0.65/avrtoolchain/bin/../lib/gcc/avr/4.6.2/../../../../avr/lib/avr6\libm.a(fp_round.o)
                                0x108 (size before relaxing)
 .stab          0x00001c74      0x1d4 c:/program files/atmel/atmel studio 6.0/extensions/atmel/avrgcc/3.4.0.65/avrtoolchain/bin/../lib/gcc/avr/4.6.2/../../../../avr/lib/avr6\libm.a(fp_split3.o)
                                0x1e0 (size before relaxing)
 .stab          0x00001e48       0x90 c:/program files/atmel/atmel studio 6.0/extensions/atmel/avrgcc/3.4.0.65/avrtoolchain/bin/../lib/gcc/avr/4.6.2/../../../../avr/lib/avr6\libm.a(fp_zero.o)
                                 0x9c (size before relaxing)
 .stab          0x00001ed8       0x48 c:/program files/atmel/atmel studio 6.0/extensions/atmel/avrgcc/3.4.0.65/avrtoolchain/bin/../lib/gcc/avr/4.6.2/../../../../avr/lib/avr6\libm.a(mulsf3.o)
                                 0x54 (size before relaxing)
 .stab          0x00001f20      0x4d4 c:/program files/atmel/atmel studio 6.0/extensions/atmel/avrgcc/3.4.0.65/avrtoolchain/bin/../lib/gcc/avr/4.6.2/../../../../avr/lib/avr6\libm.a(mulsf3x.o)
                                0x4e0 (size before relaxing)

.stabstr        0x00000000      0x76a
 *(.stabstr)
 .stabstr       0x00000000      0x76a c:/program files/atmel/atmel studio 6.0/extensions/atmel/avrgcc/3.4.0.65/avrtoolchain/bin/../lib/gcc/avr/4.6.2/../../../../avr/lib/avr6/crtm2560.o

.stab.excl
 *(.stab.excl)

.stab.exclstr
 *(.stab.exclstr)

.stab.index
 *(.stab.index)

.stab.indexstr
 *(.stab.indexstr)

.comment
 *(.comment)

.debug
 *(.debug)

.line
 *(.line)

.debug_srcinfo
 *(.debug_srcinfo)

.debug_sfnames
 *(.debug_sfnames)

.debug_aranges  0x00000000       0xa0
 *(.debug_aranges)
 .debug_aranges
                0x00000000       0x20 Final.o
 .debug_aranges
                0x00000020       0x20 c:/program files/atmel/atmel studio 6.0/extensions/atmel/avrgcc/3.4.0.65/avrtoolchain/bin/../lib/gcc/avr/4.6.2/avr6\libgcc.a(_udivmodhi4.o)
 .debug_aranges
                0x00000040       0x20 c:/program files/atmel/atmel studio 6.0/extensions/atmel/avrgcc/3.4.0.65/avrtoolchain/bin/../lib/gcc/avr/4.6.2/avr6\libgcc.a(_exit.o)
 .debug_aranges
                0x00000060       0x20 c:/program files/atmel/atmel studio 6.0/extensions/atmel/avrgcc/3.4.0.65/avrtoolchain/bin/../lib/gcc/avr/4.6.2/avr6\libgcc.a(_copy_data.o)
 .debug_aranges
                0x00000080       0x20 c:/program files/atmel/atmel studio 6.0/extensions/atmel/avrgcc/3.4.0.65/avrtoolchain/bin/../lib/gcc/avr/4.6.2/avr6\libgcc.a(_clear_bss.o)

.debug_pubnames
 *(.debug_pubnames)

.debug_info     0x00000000     0x24c6
 *(.debug_info)
 .debug_info    0x00000000     0x2152 Final.o
 .debug_info    0x00002152       0xdd c:/program files/atmel/atmel studio 6.0/extensions/atmel/avrgcc/3.4.0.65/avrtoolchain/bin/../lib/gcc/avr/4.6.2/avr6\libgcc.a(_udivmodhi4.o)
 .debug_info    0x0000222f       0xdd c:/program files/atmel/atmel studio 6.0/extensions/atmel/avrgcc/3.4.0.65/avrtoolchain/bin/../lib/gcc/avr/4.6.2/avr6\libgcc.a(_exit.o)
 .debug_info    0x0000230c       0xdd c:/program files/atmel/atmel studio 6.0/extensions/atmel/avrgcc/3.4.0.65/avrtoolchain/bin/../lib/gcc/avr/4.6.2/avr6\libgcc.a(_copy_data.o)
 .debug_info    0x000023e9       0xdd c:/program files/atmel/atmel studio 6.0/extensions/atmel/avrgcc/3.4.0.65/avrtoolchain/bin/../lib/gcc/avr/4.6.2/avr6\libgcc.a(_clear_bss.o)
 *(.gnu.linkonce.wi.*)

.debug_abbrev   0x00000000      0x3be
 *(.debug_abbrev)
 .debug_abbrev  0x00000000      0x36e Final.o
 .debug_abbrev  0x0000036e       0x14 c:/program files/atmel/atmel studio 6.0/extensions/atmel/avrgcc/3.4.0.65/avrtoolchain/bin/../lib/gcc/avr/4.6.2/avr6\libgcc.a(_udivmodhi4.o)
 .debug_abbrev  0x00000382       0x14 c:/program files/atmel/atmel studio 6.0/extensions/atmel/avrgcc/3.4.0.65/avrtoolchain/bin/../lib/gcc/avr/4.6.2/avr6\libgcc.a(_exit.o)
 .debug_abbrev  0x00000396       0x14 c:/program files/atmel/atmel studio 6.0/extensions/atmel/avrgcc/3.4.0.65/avrtoolchain/bin/../lib/gcc/avr/4.6.2/avr6\libgcc.a(_copy_data.o)
 .debug_abbrev  0x000003aa       0x14 c:/program files/atmel/atmel studio 6.0/extensions/atmel/avrgcc/3.4.0.65/avrtoolchain/bin/../lib/gcc/avr/4.6.2/avr6\libgcc.a(_clear_bss.o)

.debug_line     0x00000000      0xbf3
 *(.debug_line)
 .debug_line    0x00000000      0x9b0 Final.o
 .debug_line    0x000009b0       0x9a c:/program files/atmel/atmel studio 6.0/extensions/atmel/avrgcc/3.4.0.65/avrtoolchain/bin/../lib/gcc/avr/4.6.2/avr6\libgcc.a(_udivmodhi4.o)
 .debug_line    0x00000a4a       0x88 c:/program files/atmel/atmel studio 6.0/extensions/atmel/avrgcc/3.4.0.65/avrtoolchain/bin/../lib/gcc/avr/4.6.2/avr6\libgcc.a(_exit.o)
 .debug_line    0x00000ad2       0x93 c:/program files/atmel/atmel studio 6.0/extensions/atmel/avrgcc/3.4.0.65/avrtoolchain/bin/../lib/gcc/avr/4.6.2/avr6\libgcc.a(_copy_data.o)
 .debug_line    0x00000b65       0x8e c:/program files/atmel/atmel studio 6.0/extensions/atmel/avrgcc/3.4.0.65/avrtoolchain/bin/../lib/gcc/avr/4.6.2/avr6\libgcc.a(_clear_bss.o)

.debug_frame    0x00000000      0x818
 *(.debug_frame)
 .debug_frame   0x00000000      0x818 Final.o

.debug_str      0x00000000      0x73c
 *(.debug_str)
 .debug_str     0x00000000      0x73c Final.o
                                0x7dd (size before relaxing)

.debug_loc      0x00000000     0x1988
 *(.debug_loc)
 .debug_loc     0x00000000     0x1988 Final.o

.debug_macinfo
 *(.debug_macinfo)
OUTPUT(Final.elf elf32-avr)
LOAD linker stubs

.debug_ranges   0x00000000       0x30
 .debug_ranges  0x00000000       0x30 Final.o
